C:\NXP\GUI-Guider-Projects\TestButtonCounter\sdk\Core\drivers/fsl_common_arm.h:210:20:_SDK_AtomicLocalClearAndSet4Byte	48	static
C:\NXP\GUI-Guider-Projects\TestButtonCounter\sdk\Core\drivers/fsl_clock.h:1496:20:CLOCK_ControlGate	32	static
C:\NXP\GUI-Guider-Projects\TestButtonCounter\sdk\Core\drivers/fsl_clock.h:1513:20:CLOCK_EnableClock	16	static
C:\NXP\GUI-Guider-Projects\TestButtonCounter\sdk\Core\drivers/fsl_iomuxc.h:1288:20:IOMUXC_SetPinMux	24	static
C:\NXP\GUI-Guider-Projects\TestButtonCounter\sdk\Core\drivers/fsl_iomuxc.h:1320:20:IOMUXC_SetPinConfig	24	static
C:/NXP/GUI-Guider-Projects/TestButtonCounter/sdk/Core/board/pin_mux.c:35:6:BOARD_InitBootPins	8	static
C:/NXP/GUI-Guider-Projects/TestButtonCounter/sdk/Core/board/pin_mux.c:112:6:BOARD_InitPins	16	static
C:/NXP/GUI-Guider-Projects/TestButtonCounter/sdk/Core/board/pin_mux.c:277:6:BOARD_InitSemcPins	16	static
C:/NXP/GUI-Guider-Projects/TestButtonCounter/sdk/Core/board/pin_mux.c:379:6:BOARD_InitI2C1Pins	16	static
