c:\nxp\gui-guider-projects\testbuttoncounter\sdk\core\lvgl\lvgl\src\misc\lv_color.h:595:26:lv_color_make	16	static
c:\nxp\gui-guider-projects\testbuttoncounter\sdk\core\lvgl\lvgl\src\misc\lv_color.h:696:26:lv_color_white	8	static
C:/NXP/GUI-Guider-Projects/TestButtonCounter/sdk/Core/lvgl/lvgl/src/extra/themes/basic/lv_theme_basic.c:68:13:style_init	16	static
C:/NXP/GUI-Guider-Projects/TestButtonCounter/sdk/Core/lvgl/lvgl/src/extra/themes/basic/lv_theme_basic.c:138:6:lv_theme_basic_is_inited	4	static
C:/NXP/GUI-Guider-Projects/TestButtonCounter/sdk/Core/lvgl/lvgl/src/extra/themes/basic/lv_theme_basic.c:143:14:lv_theme_basic_init	16	static
C:/NXP/GUI-Guider-Projects/TestButtonCounter/sdk/Core/lvgl/lvgl/src/extra/themes/basic/lv_theme_basic.c:173:13:theme_apply	16	static
C:/NXP/GUI-Guider-Projects/TestButtonCounter/sdk/Core/lvgl/lvgl/src/extra/themes/basic/lv_theme_basic.c:418:13:style_init_reset	16	static
