C:/NXP/GUI-Guider-Projects/TestButtonCounter/sdk/Core/component/osa/fsl_os_abstraction_free_rtos.c:90:18:main_task	16	static
C:/NXP/GUI-Guider-Projects/TestButtonCounter/sdk/Core/component/osa/fsl_os_abstraction_free_rtos.c:121:7:OSA_MemoryAllocate	24	static
C:/NXP/GUI-Guider-Projects/TestButtonCounter/sdk/Core/component/osa/fsl_os_abstraction_free_rtos.c:139:6:OSA_MemoryFree	16	static
C:/NXP/GUI-Guider-Projects/TestButtonCounter/sdk/Core/component/osa/fsl_os_abstraction_free_rtos.c:144:6:OSA_EnterCritical	32	static
C:/NXP/GUI-Guider-Projects/TestButtonCounter/sdk/Core/component/osa/fsl_os_abstraction_free_rtos.c:160:6:OSA_ExitCritical	24	static
C:/NXP/GUI-Guider-Projects/TestButtonCounter/sdk/Core/component/osa/fsl_os_abstraction_free_rtos.c:182:6:startup_task	16	static
C:/NXP/GUI-Guider-Projects/TestButtonCounter/sdk/Core/component/osa/fsl_os_abstraction_free_rtos.c:365:6:OSA_TimeDelay	16	static
C:/NXP/GUI-Guider-Projects/TestButtonCounter/sdk/Core/component/osa/fsl_os_abstraction_free_rtos.c:375:10:OSA_TimeGetMsec	40	static
C:/NXP/GUI-Guider-Projects/TestButtonCounter/sdk/Core/component/osa/fsl_os_abstraction_free_rtos.c:399:14:OSA_SemaphorePrecreate	16	static
C:/NXP/GUI-Guider-Projects/TestButtonCounter/sdk/Core/component/osa/fsl_os_abstraction_free_rtos.c:413:14:OSA_SemaphoreCreate	24	static
C:/NXP/GUI-Guider-Projects/TestButtonCounter/sdk/Core/component/osa/fsl_os_abstraction_free_rtos.c:449:14:OSA_SemaphoreCreateBinary	24	static
C:/NXP/GUI-Guider-Projects/TestButtonCounter/sdk/Core/component/osa/fsl_os_abstraction_free_rtos.c:485:14:OSA_SemaphoreDestroy	24	static
C:/NXP/GUI-Guider-Projects/TestButtonCounter/sdk/Core/component/osa/fsl_os_abstraction_free_rtos.c:507:14:OSA_SemaphoreWait	24	static
C:/NXP/GUI-Guider-Projects/TestButtonCounter/sdk/Core/component/osa/fsl_os_abstraction_free_rtos.c:542:14:OSA_SemaphorePost	32	static
C:/NXP/GUI-Guider-Projects/TestButtonCounter/sdk/Core/component/osa/fsl_os_abstraction_free_rtos.c:583:14:OSA_MutexCreate	24	static
C:/NXP/GUI-Guider-Projects/TestButtonCounter/sdk/Core/component/osa/fsl_os_abstraction_free_rtos.c:622:14:OSA_MutexLock	24	static
C:/NXP/GUI-Guider-Projects/TestButtonCounter/sdk/Core/component/osa/fsl_os_abstraction_free_rtos.c:654:14:OSA_MutexUnlock	24	static
C:/NXP/GUI-Guider-Projects/TestButtonCounter/sdk/Core/component/osa/fsl_os_abstraction_free_rtos.c:676:14:OSA_MutexDestroy	24	static
C:/NXP/GUI-Guider-Projects/TestButtonCounter/sdk/Core/component/osa/fsl_os_abstraction_free_rtos.c:693:14:OSA_EventPrecreate	16	static
C:/NXP/GUI-Guider-Projects/TestButtonCounter/sdk/Core/component/osa/fsl_os_abstraction_free_rtos.c:707:14:OSA_EventCreate	24	static
C:/NXP/GUI-Guider-Projects/TestButtonCounter/sdk/Core/component/osa/fsl_os_abstraction_free_rtos.c:742:14:OSA_EventSet	32	static
C:/NXP/GUI-Guider-Projects/TestButtonCounter/sdk/Core/component/osa/fsl_os_abstraction_free_rtos.c:780:14:OSA_EventClear	24	static
C:/NXP/GUI-Guider-Projects/TestButtonCounter/sdk/Core/component/osa/fsl_os_abstraction_free_rtos.c:814:14:OSA_EventGet	40	static
C:/NXP/GUI-Guider-Projects/TestButtonCounter/sdk/Core/component/osa/fsl_os_abstraction_free_rtos.c:859:14:OSA_EventWait	48	static
C:/NXP/GUI-Guider-Projects/TestButtonCounter/sdk/Core/component/osa/fsl_os_abstraction_free_rtos.c:917:14:OSA_EventDestroy	24	static
C:/NXP/GUI-Guider-Projects/TestButtonCounter/sdk/Core/component/osa/fsl_os_abstraction_free_rtos.c:938:14:OSA_MsgQCreate	32	static
C:/NXP/GUI-Guider-Projects/TestButtonCounter/sdk/Core/component/osa/fsl_os_abstraction_free_rtos.c:978:14:OSA_MsgQPut	32	static
C:/NXP/GUI-Guider-Projects/TestButtonCounter/sdk/Core/component/osa/fsl_os_abstraction_free_rtos.c:1018:14:OSA_MsgQGet	40	static
C:/NXP/GUI-Guider-Projects/TestButtonCounter/sdk/Core/component/osa/fsl_os_abstraction_free_rtos.c:1052:5:OSA_MsgQAvailableMsgs	24	static
C:/NXP/GUI-Guider-Projects/TestButtonCounter/sdk/Core/component/osa/fsl_os_abstraction_free_rtos.c:1067:14:OSA_MsgQDestroy	24	static
C:/NXP/GUI-Guider-Projects/TestButtonCounter/sdk/Core/component/osa/fsl_os_abstraction_free_rtos.c:1082:6:OSA_InterruptEnable	16	static
C:/NXP/GUI-Guider-Projects/TestButtonCounter/sdk/Core/component/osa/fsl_os_abstraction_free_rtos.c:1108:6:OSA_InterruptDisable	24	static
C:/NXP/GUI-Guider-Projects/TestButtonCounter/sdk/Core/component/osa/fsl_os_abstraction_free_rtos.c:1130:6:OSA_EnableIRQGlobal	4	static
C:/NXP/GUI-Guider-Projects/TestButtonCounter/sdk/Core/component/osa/fsl_os_abstraction_free_rtos.c:1150:6:OSA_DisableIRQGlobal	4	static
C:/NXP/GUI-Guider-Projects/TestButtonCounter/sdk/Core/component/osa/fsl_os_abstraction_free_rtos.c:1166:6:OSA_DisableScheduler	8	static
C:/NXP/GUI-Guider-Projects/TestButtonCounter/sdk/Core/component/osa/fsl_os_abstraction_free_rtos.c:1178:6:OSA_EnableScheduler	8	static
C:/NXP/GUI-Guider-Projects/TestButtonCounter/sdk/Core/component/osa/fsl_os_abstraction_free_rtos.c:1189:6:OSA_InstallIntHandler	16	static
